// Jest Snapshot v1, https://goo.gl/fbAQLP

exports[`TellUsAboutYourself snapshot renders correctly 1`] = `
Array [
  <form
    onSubmit={[Function]}
  >
    <h1>
      Request an additional black bin
    </h1>
    <h2>
      Tell us about yourself
    </h2>
    <label
      htmlFor="firstName"
    >
      First name
    </label>
    <input
      aria-label="First name"
      aria-live="off"
      className=""
      id="firstName"
      inputMode={undefined}
      maxLength={35}
      min={undefined}
      name="firstName"
      onChange={[Function]}
      onKeyDown={[Function]}
      pattern={undefined}
      type="text"
      value="b"
    />
    <label
      htmlFor="lastName"
    >
      Last name
    </label>
    <input
      aria-label="Last name"
      aria-live="off"
      className=""
      id="lastName"
      inputMode={undefined}
      maxLength={60}
      min={undefined}
      name="lastName"
      onChange={[Function]}
      onKeyDown={[Function]}
      pattern={undefined}
      type="text"
      value="c"
    />
    <h3
      aria-hidden={true}
      className="optional"
    >
      Phone number
    </h3>
    <p
      aria-hidden={true}
      className="optional"
    >
      (optional)
    </p>
    <label
      className="optional sr-only"
      htmlFor="phoneNumber"
    >
      Phone number optional
    </label>
    <input
      aria-label={undefined}
      aria-live={undefined}
      className=""
      id="phoneNumber"
      inputMode={undefined}
      maxLength={60}
      min={undefined}
      name="phoneNumber"
      onChange={[Function]}
      onKeyDown={[Function]}
      pattern={undefined}
      type="tel"
      value="e"
    />
    <label
      htmlFor="emailAddress"
    >
      Email address
    </label>
    <input
      aria-label="Email address"
      aria-live="off"
      className=""
      id="emailAddress"
      inputMode={undefined}
      maxLength={60}
      min={undefined}
      name="emailAddress"
      onChange={[Function]}
      onKeyDown={[Function]}
      pattern={undefined}
      type="email"
      value="d"
    />
    <label
      htmlFor="postcode"
    >
      Enter your postcode
    </label>
    <input
      aria-label="Enter your postcode"
      aria-live="off"
      className=" address-picker-input"
      id="postcode"
      inputMode={undefined}
      maxLength={undefined}
      min={undefined}
      name="postcode"
      onChange={[Function]}
      onKeyDown={[Function]}
      pattern={undefined}
      type="text"
      value=""
    />
    <button
      className="button-secondary"
      disabled={true}
      onClick={[Function]}
    >
      Find the address
    </button>
    <button
      className="button-primary"
      disabled={true}
      id={undefined}
      onClick={undefined}
      type="submit"
    >
      Next step
    </button>
  </form>,
  <p>
    <a
      href="#"
      onClick={[Function]}
    >
      Previous
    </a>
  </p>,
]
`;
