// Jest Snapshot v1, https://goo.gl/fbAQLP

exports[`BinNotAvailable snapshot renders correctly 1`] = `
<form>
  <div
    className="ineligible-warning"
  >
    <div
      className="header-container"
    >
      <div>
        <i
          aria-hidden="true"
          className="fa fa-exclamation"
        />
      </div>
      <h1>
         We're sorry but you can't use this form
      </h1>
    </div>
    <h2>
      Why not?
    </h2>
    <p>
      You must live in a property that already has a black wheelie bin.
    </p>
    <p>
      To be eligible for an additional black wheelie bin, you must have enough outside space to store it off the road. Properties that are not eligible include; flats above shops or terrace properties without a garden.
    </p>
    <h2>
      What you can do next
    </h2>
    <p>
      Please call us on 
      <strong>
        0161 217 6111
      </strong>
       if you think you're still eligible for an additional black wheelie bin or you don't have enough space for your current non-recyclable waste.
    </p>
    <a
      className="button-primary"
      href="https://www.stockport.gov.uk"
    >
      Go to the homepage
    </a>
  </div>
</form>
`;
